This is a placeholder description used for testing.

_3 TILs and counting..._

---

### Categories

- [css](#css)
- [html](#html)
- [k8s](#k8s)

### [css](#css)
- [How to add a CSS border](https://github.com/user/repository/css/how-to-add-a-border.md)

### [html](#html)
- [How to make a div](https://github.com/user/repository/html/how-to-make-a-div.md)

### [k8s](#k8s)
- [how to blow up a k8s cluster](https://github.com/user/repository/k8s/how-to-blow-up-a-cluster.md)

here is where the markdown footer links would go
