# TIL
> Today I Learned

This is a placeholder description used for testing.

_4 TILs and counting..._

---

### 3 most recent TILs

- [How to add a CSS border](https://github.com/blob/master/user/repository/css/how-to-add-a-border.md) - 25 Apr 20 20:34 +0800
- [how to set a background to black](https://github.com/blob/master/user/repository/css/how-to-set-background-to-black.md) - 25 Apr 20 20:34 +0800
- [How to make a div](https://github.com/blob/master/user/repository/html/how-to-make-a-div.md) - 25 Apr 20 20:34 +0800

### Categories

- [css](#css)
- [html](#html)
- [k8s](#k8s)

### [css](#css)
- [How to add a CSS border](https://github.com/blob/master/user/repository/css/how-to-add-a-border.md)
- [how to set a background to black](https://github.com/blob/master/user/repository/css/how-to-set-background-to-black.md)

### [html](#html)
- [How to make a div](https://github.com/blob/master/user/repository/html/how-to-make-a-div.md)

### [k8s](#k8s)
- [how to blow up a k8s cluster](https://github.com/blob/master/user/repository/k8s/how-to-blow-up-a-cluster.md)

here is where the markdown footer links would go
