# TIL
> Today I Learned


A collection of concrete writeups of small things I learn daily.


_5 TILs and counting..._

---

### Categories

- [css](#css)
- [html](#html)
- [k8s](#k8s)

### [css](#css)
- [How to add a CSS border](https://github.com/user/repository/css/how-to-add-a-border.md)

### [html](#html)
- [How to make a div](https://github.com/user/repository/html/how-to-make-a-div.md)

### [k8s](#k8s)
- [how to blow up a k8s cluster](https://github.com/user/repository/k8s/how-to-blow-up-a-cluster.md)
- [How to create a k8s service](https://github.com/user/repository/k8s/how-to-create-a-service.md)
- [how to stand on your head](https://github.com/user/repository/k8s/how-to-stand-on-your-head.md)


