# TIL
> Today I Learned


A collection of concrete writeups of small things I learn daily.


_1 TILs and counting..._

---

### Categories

- [html](#html)

### [html](#html)
- [How to make a div](https://github.com/user/repository/html/how-to-make-a-div.md)


